  "C:\Program Files\AMD\ROCm\6.2\bin\clang.exe"  -x hip -c -std=c++14 -Xclang -fdefault-calling-conv=cdecl -ggdb -gcodeview -fno-standalone-debug -Wall -fstandalone-debug -fhip-new-launch-api -fno-builtin -O0 -fno-fast-math -fno-caret-diagnostics -fshow-column -fms-extensions -fms-compatibility -fdiagnostics-format=msvc -v -fexceptions -fstack-protector -fno-rtti --offload-arch=gfx1030 --offload-arch=gfx1100 --offload-arch=gfx1101 --offload-arch=gfx1102 --offload-arch=gfx1150 --offload-arch=gfx1151 -D__HIP_ARCH_GFX1030__=1 -D__HIP_ARCH_GFX1100__=1 -D__HIP_ARCH_GFX1101__=1 -D__HIP_ARCH_GFX1102__=1 -D__HIP_ARCH_GFX1150__=1 -D__HIP_ARCH_GFX1151__=1  -D_DEBUG -D_MT -D_DLL -Xclang --dependent-lib=msvcrtd -Xclang --dependent-lib=oldnames -D __clang__ -D __HIP__ -D _DEBUG -D _CONSOLE -D _UNICODE -D UNICODE -fuse-line-directives Source.hip -o "Debug\\HIP clang 6.2\\Source.hip.obj"
  Source.hip
  clang version 19.0.0git (git@github.amd.com:Compute-Mirrors/llvm-project 5353ca3e0e5ae54a31eeebe223da212fa405567a)
  Target: x86_64-pc-windows-msvc
  Thread model: posix
  InstalledDir: C:\Program Files\AMD\ROCm\6.2\bin
  Found HIP installation: C:\Program Files\AMD\ROCm\6.2, version 6.2.41512
   "C:\\Program Files\\AMD\\ROCm\\6.2\\bin\\clang.exe" -cc1 -triple amdgcn-amd-amdhsa -aux-triple x86_64-pc-windows-msvc -Werror=atomic-alignment -emit-obj -mrelax-all -mincremental-linker-compatible -disable-free -clear-ast-before-backend -disable-llvm-verifier -discard-value-names -main-file-name Source.hip -mrelocation-model pic -pic-level 2 -fhalf-no-semantic-interposition -mframe-pointer=all -fno-rounding-math -mconstructor-aliases -aux-target-cpu x86-64 -D_HAS_STATIC_RTTI=0 -fcuda-is-device -mllvm -amdgpu-internalize-symbols -fcuda-allow-variadic-functions -fvisibility=hidden -fapply-global-visibility-to-externs -mlink-builtin-bitcode "C:\\Program Files\\AMD\\ROCm\\6.2\\amdgcn\\bitcode\\hip.bc" -mlink-builtin-bitcode "C:\\Program Files\\AMD\\ROCm\\6.2\\amdgcn\\bitcode\\ocml.bc" -mlink-builtin-bitcode "C:\\Program Files\\AMD\\ROCm\\6.2\\amdgcn\\bitcode\\ockl.bc" -mlink-builtin-bitcode "C:\\Program Files\\AMD\\ROCm\\6.2\\amdgcn\\bitcode\\oclc_daz_opt_off.bc" -mlink-builtin-bitcode "C:\\Program Files\\AMD\\ROCm\\6.2\\amdgcn\\bitcode\\oclc_unsafe_math_off.bc" -mlink-builtin-bitcode "C:\\Program Files\\AMD\\ROCm\\6.2\\amdgcn\\bitcode\\oclc_finite_only_off.bc" -mlink-builtin-bitcode "C:\\Program Files\\AMD\\ROCm\\6.2\\amdgcn\\bitcode\\oclc_correctly_rounded_sqrt_on.bc" -mlink-builtin-bitcode "C:\\Program Files\\AMD\\ROCm\\6.2\\amdgcn\\bitcode\\oclc_wavefrontsize64_off.bc" -mlink-builtin-bitcode "C:\\Program Files\\AMD\\ROCm\\6.2\\amdgcn\\bitcode\\oclc_isa_version_1030.bc" -mlink-builtin-bitcode "C:\\Program Files\\AMD\\ROCm\\6.2\\amdgcn\\bitcode\\oclc_abi_version_500.bc" -target-cpu gfx1030 -gno-column-info -gcodeview -debug-info-kind=standalone -debugger-tuning=gdb "-fdebug-compilation-dir=C:\\Users\\Linus\\source\\repos\\Julia_Set\\Julia_Set" "-object-file-name=C:\\Users\\Linus\\AppData\\Local\\Temp\\Source-gfx1030-f520ae.o" -v -resource-dir "C:\\Program Files\\AMD\\ROCm\\6.2\\lib\\clang\\19" -internal-isystem "C:\\Program Files\\AMD\\ROCm\\6.2\\lib\\clang\\19\\include\\cuda_wrappers" -idirafter "C:\\Program Files\\AMD\\ROCm\\6.2\\include" -include __clang_hip_runtime_wrapper.h -D __HIP_ARCH_GFX1030__=1 -D __HIP_ARCH_GFX1100__=1 -D __HIP_ARCH_GFX1101__=1 -D __HIP_ARCH_GFX1102__=1 -D __HIP_ARCH_GFX1150__=1 -D __HIP_ARCH_GFX1151__=1 -D _DEBUG -D _MT -D _DLL -D __clang__ -D __HIP__ -D _DEBUG -D _CONSOLE -D _UNICODE -D UNICODE -D __HIP_ARCH_GFX1030__=1 -D __HIP_ARCH_GFX1100__=1 -D __HIP_ARCH_GFX1101__=1 -D __HIP_ARCH_GFX1102__=1 -D __HIP_ARCH_GFX1150__=1 -D __HIP_ARCH_GFX1151__=1 -D _DEBUG -D _MT -D _DLL -D __clang__ -D __HIP__ -D _DEBUG -D _CONSOLE -D _UNICODE -D UNICODE -internal-isystem "C:\\Program Files\\AMD\\ROCm\\6.2\\lib\\clang\\19\\include" -internal-isystem "C:\\Program Files\\AMD\\ROCm\\6.2\\include" -internal-isystem "C:\\Program Files\\Microsoft Visual Studio\\2022\\Community\\VC\\Tools\\MSVC\\14.43.34808\\include" -internal-isystem "C:\\Program Files\\Microsoft Visual Studio\\2022\\Community\\VC\\Tools\\MSVC\\14.43.34808\\atlmfc\\include" -internal-isystem "C:\\Program Files\\Microsoft Visual Studio\\2022\\Community\\VC\\Auxiliary\\VS\\include" -internal-isystem "C:\\Program Files (x86)\\Windows Kits\\10\\Include\\10.0.22621.0\\ucrt" -internal-isystem "C:\\Program Files (x86)\\Windows Kits\\10\\Include\\10.0.22621.0\\um" -internal-isystem "C:\\Program Files (x86)\\Windows Kits\\10\\Include\\10.0.22621.0\\shared" -internal-isystem "C:\\Program Files (x86)\\Windows Kits\\10\\Include\\10.0.22621.0\\winrt" -internal-isystem "C:\\Program Files (x86)\\Windows Kits\\10\\Include\\10.0.22621.0\\cppwinrt" -internal-isystem "Include\\um" -internal-isystem "C:\\Program Files\\AMD\\ROCm\\6.2\\lib\\clang\\19\\include" -internal-isystem "C:\\Program Files\\AMD\\ROCm\\6.2\\include" -internal-isystem "C:\\Program Files\\Microsoft Visual Studio\\2022\\Community\\VC\\Tools\\MSVC\\14.43.34808\\include" -internal-isystem "C:\\Program Files\\Microsoft Visual Studio\\2022\\Community\\VC\\Tools\\MSVC\\14.43.34808\\atlmfc\\include" -internal-isystem "C:\\Program Files\\Microsoft Visual Studio\\2022\\Community\\VC\\Auxiliary\\VS\\include" -internal-isystem "C:\\Program Files (x86)\\Windows Kits\\10\\Include\\10.0.22621.0\\ucrt" -internal-isystem "C:\\Program Files (x86)\\Windows Kits\\10\\Include\\10.0.22621.0\\um" -internal-isystem "C:\\Program Files (x86)\\Windows Kits\\10\\Include\\10.0.22621.0\\shared" -internal-isystem "C:\\Program Files (x86)\\Windows Kits\\10\\Include\\10.0.22621.0\\winrt" -internal-isystem "C:\\Program Files (x86)\\Windows Kits\\10\\Include\\10.0.22621.0\\cppwinrt" -internal-isystem "Include\\um" -O0 -Wall -std=c++14 -fdeprecated-macro -fno-autolink -ferror-limit 19 -stack-protector 1 -fhip-new-launch-api -fno-builtin -fno-rtti -fuse-line-directives -fms-extensions -fms-compatibility -fms-compatibility-version=19.43.34809 -fskip-odr-check-in-gmf -fdelayed-template-parsing -fcxx-exceptions -fexceptions -fno-caret-diagnostics -fdiagnostics-format msvc -fdefault-calling-conv=cdecl --dependent-lib=msvcrtd --dependent-lib=oldnames -cuid=d65b434f50260c3e -fcuda-allow-variadic-functions -faddrsig -D__GCC_HAVE_DWARF2_CFI_ASM=1 -o "C:\\Users\\Linus\\AppData\\Local\\Temp\\Source-gfx1030-f520ae.o" -x hip Source.hip
  clang -cc1 version 19.0.0git based upon LLVM 19.0.0git default target x86_64-pc-windows-msvc
  ignoring nonexistent directory "Include\um"
  ignoring nonexistent directory "Include\um"
  ignoring nonexistent directory "/usr/local/include"
  ignoring nonexistent directory "/usr/include"
  ignoring duplicate directory "C:\Program Files\AMD\ROCm\6.2\lib\clang\19\include"
  ignoring duplicate directory "C:\Program Files\AMD\ROCm\6.2\include"
  ignoring duplicate directory "C:\Program Files\Microsoft Visual Studio\2022\Community\VC\Tools\MSVC\14.43.34808\include"
  ignoring duplicate directory "C:\Program Files\Microsoft Visual Studio\2022\Community\VC\Tools\MSVC\14.43.34808\atlmfc\include"
  ignoring duplicate directory "C:\Program Files\Microsoft Visual Studio\2022\Community\VC\Auxiliary\VS\include"
  ignoring duplicate directory "C:\Program Files (x86)\Windows Kits\10\Include\10.0.22621.0\ucrt"
  ignoring duplicate directory "C:\Program Files (x86)\Windows Kits\10\Include\10.0.22621.0\um"
  ignoring duplicate directory "C:\Program Files (x86)\Windows Kits\10\Include\10.0.22621.0\shared"
  ignoring duplicate directory "C:\Program Files (x86)\Windows Kits\10\Include\10.0.22621.0\winrt"
  ignoring duplicate directory "C:\Program Files (x86)\Windows Kits\10\Include\10.0.22621.0\cppwinrt"
  ignoring duplicate directory "C:\Program Files\AMD\ROCm\6.2\lib\clang\19\include"
  ignoring duplicate directory "C:\Program Files\AMD\ROCm\6.2\include"
  #include "..." search starts here:
  #include <...> search starts here:
   C:\Program Files\AMD\ROCm\6.2\lib\clang\19\include\cuda_wrappers
   C:\Program Files\AMD\ROCm\6.2\lib\clang\19\include
   C:\Program Files\AMD\ROCm\6.2\include
   C:\Program Files\Microsoft Visual Studio\2022\Community\VC\Tools\MSVC\14.43.34808\include
   C:\Program Files\Microsoft Visual Studio\2022\Community\VC\Tools\MSVC\14.43.34808\atlmfc\include
   C:\Program Files\Microsoft Visual Studio\2022\Community\VC\Auxiliary\VS\include
   C:\Program Files (x86)\Windows Kits\10\Include\10.0.22621.0\ucrt
   C:\Program Files (x86)\Windows Kits\10\Include\10.0.22621.0\um
   C:\Program Files (x86)\Windows Kits\10\Include\10.0.22621.0\shared
   C:\Program Files (x86)\Windows Kits\10\Include\10.0.22621.0\winrt
   C:\Program Files (x86)\Windows Kits\10\Include\10.0.22621.0\cppwinrt
  End of search list.
   "C:\\Program Files\\AMD\\ROCm\\6.2\\bin\\lld" -flavor gnu -m elf64_amdgpu --no-undefined -shared -plugin-opt=-amdgpu-internalize-symbols -plugin-opt=mcpu=gfx1030 -plugin-opt=O0 --lto-CGO0 -plugin-opt=-debugger-tune=gdb -plugin-opt=-amdgpu-spill-cfi-saved-regs --whole-archive -o "C:\\Users\\Linus\\AppData\\Local\\Temp\\Source-gfx1030-af213d.out" "C:\\Users\\Linus\\AppData\\Local\\Temp\\Source-gfx1030-f520ae.o" --no-whole-archive
   "C:\\Program Files\\AMD\\ROCm\\6.2\\bin\\clang.exe" -cc1 -triple amdgcn-amd-amdhsa -aux-triple x86_64-pc-windows-msvc -Werror=atomic-alignment -emit-obj -mrelax-all -mincremental-linker-compatible -disable-free -clear-ast-before-backend -disable-llvm-verifier -discard-value-names -main-file-name Source.hip -mrelocation-model pic -pic-level 2 -fhalf-no-semantic-interposition -mframe-pointer=all -fno-rounding-math -mconstructor-aliases -aux-target-cpu x86-64 -D_HAS_STATIC_RTTI=0 -fcuda-is-device -mllvm -amdgpu-internalize-symbols -fcuda-allow-variadic-functions -fvisibility=hidden -fapply-global-visibility-to-externs -mlink-builtin-bitcode "C:\\Program Files\\AMD\\ROCm\\6.2\\amdgcn\\bitcode\\hip.bc" -mlink-builtin-bitcode "C:\\Program Files\\AMD\\ROCm\\6.2\\amdgcn\\bitcode\\ocml.bc" -mlink-builtin-bitcode "C:\\Program Files\\AMD\\ROCm\\6.2\\amdgcn\\bitcode\\ockl.bc" -mlink-builtin-bitcode "C:\\Program Files\\AMD\\ROCm\\6.2\\amdgcn\\bitcode\\oclc_daz_opt_off.bc" -mlink-builtin-bitcode "C:\\Program Files\\AMD\\ROCm\\6.2\\amdgcn\\bitcode\\oclc_unsafe_math_off.bc" -mlink-builtin-bitcode "C:\\Program Files\\AMD\\ROCm\\6.2\\amdgcn\\bitcode\\oclc_finite_only_off.bc" -mlink-builtin-bitcode "C:\\Program Files\\AMD\\ROCm\\6.2\\amdgcn\\bitcode\\oclc_correctly_rounded_sqrt_on.bc" -mlink-builtin-bitcode "C:\\Program Files\\AMD\\ROCm\\6.2\\amdgcn\\bitcode\\oclc_wavefrontsize64_off.bc" -mlink-builtin-bitcode "C:\\Program Files\\AMD\\ROCm\\6.2\\amdgcn\\bitcode\\oclc_isa_version_1100.bc" -mlink-builtin-bitcode "C:\\Program Files\\AMD\\ROCm\\6.2\\amdgcn\\bitcode\\oclc_abi_version_500.bc" -target-cpu gfx1100 -gno-column-info -gcodeview -debug-info-kind=standalone -debugger-tuning=gdb "-fdebug-compilation-dir=C:\\Users\\Linus\\source\\repos\\Julia_Set\\Julia_Set" "-object-file-name=C:\\Users\\Linus\\AppData\\Local\\Temp\\Source-gfx1100-ce3511.o" -v -resource-dir "C:\\Program Files\\AMD\\ROCm\\6.2\\lib\\clang\\19" -internal-isystem "C:\\Program Files\\AMD\\ROCm\\6.2\\lib\\clang\\19\\include\\cuda_wrappers" -idirafter "C:\\Program Files\\AMD\\ROCm\\6.2\\include" -include __clang_hip_runtime_wrapper.h -D __HIP_ARCH_GFX1030__=1 -D __HIP_ARCH_GFX1100__=1 -D __HIP_ARCH_GFX1101__=1 -D __HIP_ARCH_GFX1102__=1 -D __HIP_ARCH_GFX1150__=1 -D __HIP_ARCH_GFX1151__=1 -D _DEBUG -D _MT -D _DLL -D __clang__ -D __HIP__ -D _DEBUG -D _CONSOLE -D _UNICODE -D UNICODE -D __HIP_ARCH_GFX1030__=1 -D __HIP_ARCH_GFX1100__=1 -D __HIP_ARCH_GFX1101__=1 -D __HIP_ARCH_GFX1102__=1 -D __HIP_ARCH_GFX1150__=1 -D __HIP_ARCH_GFX1151__=1 -D _DEBUG -D _MT -D _DLL -D __clang__ -D __HIP__ -D _DEBUG -D _CONSOLE -D _UNICODE -D UNICODE -internal-isystem "C:\\Program Files\\AMD\\ROCm\\6.2\\lib\\clang\\19\\include" -internal-isystem "C:\\Program Files\\AMD\\ROCm\\6.2\\include" -internal-isystem "C:\\Program Files\\Microsoft Visual Studio\\2022\\Community\\VC\\Tools\\MSVC\\14.43.34808\\include" -internal-isystem "C:\\Program Files\\Microsoft Visual Studio\\2022\\Community\\VC\\Tools\\MSVC\\14.43.34808\\atlmfc\\include" -internal-isystem "C:\\Program Files\\Microsoft Visual Studio\\2022\\Community\\VC\\Auxiliary\\VS\\include" -internal-isystem "C:\\Program Files (x86)\\Windows Kits\\10\\Include\\10.0.22621.0\\ucrt" -internal-isystem "C:\\Program Files (x86)\\Windows Kits\\10\\Include\\10.0.22621.0\\um" -internal-isystem "C:\\Program Files (x86)\\Windows Kits\\10\\Include\\10.0.22621.0\\shared" -internal-isystem "C:\\Program Files (x86)\\Windows Kits\\10\\Include\\10.0.22621.0\\winrt" -internal-isystem "C:\\Program Files (x86)\\Windows Kits\\10\\Include\\10.0.22621.0\\cppwinrt" -internal-isystem "Include\\um" -internal-isystem "C:\\Program Files\\AMD\\ROCm\\6.2\\lib\\clang\\19\\include" -internal-isystem "C:\\Program Files\\AMD\\ROCm\\6.2\\include" -internal-isystem "C:\\Program Files\\Microsoft Visual Studio\\2022\\Community\\VC\\Tools\\MSVC\\14.43.34808\\include" -internal-isystem "C:\\Program Files\\Microsoft Visual Studio\\2022\\Community\\VC\\Tools\\MSVC\\14.43.34808\\atlmfc\\include" -internal-isystem "C:\\Program Files\\Microsoft Visual Studio\\2022\\Community\\VC\\Auxiliary\\VS\\include" -internal-isystem "C:\\Program Files (x86)\\Windows Kits\\10\\Include\\10.0.22621.0\\ucrt" -internal-isystem "C:\\Program Files (x86)\\Windows Kits\\10\\Include\\10.0.22621.0\\um" -internal-isystem "C:\\Program Files (x86)\\Windows Kits\\10\\Include\\10.0.22621.0\\shared" -internal-isystem "C:\\Program Files (x86)\\Windows Kits\\10\\Include\\10.0.22621.0\\winrt" -internal-isystem "C:\\Program Files (x86)\\Windows Kits\\10\\Include\\10.0.22621.0\\cppwinrt" -internal-isystem "Include\\um" -O0 -Wall -std=c++14 -fdeprecated-macro -fno-autolink -ferror-limit 19 -stack-protector 1 -fhip-new-launch-api -fno-builtin -fno-rtti -fuse-line-directives -fms-extensions -fms-compatibility -fms-compatibility-version=19.43.34809 -fskip-odr-check-in-gmf -fdelayed-template-parsing -fcxx-exceptions -fexceptions -fno-caret-diagnostics -fdiagnostics-format msvc -fdefault-calling-conv=cdecl --dependent-lib=msvcrtd --dependent-lib=oldnames -cuid=d65b434f50260c3e -fcuda-allow-variadic-functions -faddrsig -D__GCC_HAVE_DWARF2_CFI_ASM=1 -o "C:\\Users\\Linus\\AppData\\Local\\Temp\\Source-gfx1100-ce3511.o" -x hip Source.hip
  clang -cc1 version 19.0.0git based upon LLVM 19.0.0git default target x86_64-pc-windows-msvc
  ignoring nonexistent directory "Include\um"
  ignoring nonexistent directory "Include\um"
  ignoring nonexistent directory "/usr/local/include"
  ignoring nonexistent directory "/usr/include"
  ignoring duplicate directory "C:\Program Files\AMD\ROCm\6.2\lib\clang\19\include"
  ignoring duplicate directory "C:\Program Files\AMD\ROCm\6.2\include"
  ignoring duplicate directory "C:\Program Files\Microsoft Visual Studio\2022\Community\VC\Tools\MSVC\14.43.34808\include"
  ignoring duplicate directory "C:\Program Files\Microsoft Visual Studio\2022\Community\VC\Tools\MSVC\14.43.34808\atlmfc\include"
  ignoring duplicate directory "C:\Program Files\Microsoft Visual Studio\2022\Community\VC\Auxiliary\VS\include"
  ignoring duplicate directory "C:\Program Files (x86)\Windows Kits\10\Include\10.0.22621.0\ucrt"
  ignoring duplicate directory "C:\Program Files (x86)\Windows Kits\10\Include\10.0.22621.0\um"
  ignoring duplicate directory "C:\Program Files (x86)\Windows Kits\10\Include\10.0.22621.0\shared"
  ignoring duplicate directory "C:\Program Files (x86)\Windows Kits\10\Include\10.0.22621.0\winrt"
  ignoring duplicate directory "C:\Program Files (x86)\Windows Kits\10\Include\10.0.22621.0\cppwinrt"
  ignoring duplicate directory "C:\Program Files\AMD\ROCm\6.2\lib\clang\19\include"
  ignoring duplicate directory "C:\Program Files\AMD\ROCm\6.2\include"
  #include "..." search starts here:
  #include <...> search starts here:
   C:\Program Files\AMD\ROCm\6.2\lib\clang\19\include\cuda_wrappers
   C:\Program Files\AMD\ROCm\6.2\lib\clang\19\include
   C:\Program Files\AMD\ROCm\6.2\include
   C:\Program Files\Microsoft Visual Studio\2022\Community\VC\Tools\MSVC\14.43.34808\include
   C:\Program Files\Microsoft Visual Studio\2022\Community\VC\Tools\MSVC\14.43.34808\atlmfc\include
   C:\Program Files\Microsoft Visual Studio\2022\Community\VC\Auxiliary\VS\include
   C:\Program Files (x86)\Windows Kits\10\Include\10.0.22621.0\ucrt
   C:\Program Files (x86)\Windows Kits\10\Include\10.0.22621.0\um
   C:\Program Files (x86)\Windows Kits\10\Include\10.0.22621.0\shared
   C:\Program Files (x86)\Windows Kits\10\Include\10.0.22621.0\winrt
   C:\Program Files (x86)\Windows Kits\10\Include\10.0.22621.0\cppwinrt
  End of search list.
   "C:\\Program Files\\AMD\\ROCm\\6.2\\bin\\lld" -flavor gnu -m elf64_amdgpu --no-undefined -shared -plugin-opt=-amdgpu-internalize-symbols -plugin-opt=mcpu=gfx1100 -plugin-opt=O0 --lto-CGO0 -plugin-opt=-debugger-tune=gdb -plugin-opt=-amdgpu-spill-cfi-saved-regs --whole-archive -o "C:\\Users\\Linus\\AppData\\Local\\Temp\\Source-gfx1100-d79870.out" "C:\\Users\\Linus\\AppData\\Local\\Temp\\Source-gfx1100-ce3511.o" --no-whole-archive
   "C:\\Program Files\\AMD\\ROCm\\6.2\\bin\\clang.exe" -cc1 -triple amdgcn-amd-amdhsa -aux-triple x86_64-pc-windows-msvc -Werror=atomic-alignment -emit-obj -mrelax-all -mincremental-linker-compatible -disable-free -clear-ast-before-backend -disable-llvm-verifier -discard-value-names -main-file-name Source.hip -mrelocation-model pic -pic-level 2 -fhalf-no-semantic-interposition -mframe-pointer=all -fno-rounding-math -mconstructor-aliases -aux-target-cpu x86-64 -D_HAS_STATIC_RTTI=0 -fcuda-is-device -mllvm -amdgpu-internalize-symbols -fcuda-allow-variadic-functions -fvisibility=hidden -fapply-global-visibility-to-externs -mlink-builtin-bitcode "C:\\Program Files\\AMD\\ROCm\\6.2\\amdgcn\\bitcode\\hip.bc" -mlink-builtin-bitcode "C:\\Program Files\\AMD\\ROCm\\6.2\\amdgcn\\bitcode\\ocml.bc" -mlink-builtin-bitcode "C:\\Program Files\\AMD\\ROCm\\6.2\\amdgcn\\bitcode\\ockl.bc" -mlink-builtin-bitcode "C:\\Program Files\\AMD\\ROCm\\6.2\\amdgcn\\bitcode\\oclc_daz_opt_off.bc" -mlink-builtin-bitcode "C:\\Program Files\\AMD\\ROCm\\6.2\\amdgcn\\bitcode\\oclc_unsafe_math_off.bc" -mlink-builtin-bitcode "C:\\Program Files\\AMD\\ROCm\\6.2\\amdgcn\\bitcode\\oclc_finite_only_off.bc" -mlink-builtin-bitcode "C:\\Program Files\\AMD\\ROCm\\6.2\\amdgcn\\bitcode\\oclc_correctly_rounded_sqrt_on.bc" -mlink-builtin-bitcode "C:\\Program Files\\AMD\\ROCm\\6.2\\amdgcn\\bitcode\\oclc_wavefrontsize64_off.bc" -mlink-builtin-bitcode "C:\\Program Files\\AMD\\ROCm\\6.2\\amdgcn\\bitcode\\oclc_isa_version_1101.bc" -mlink-builtin-bitcode "C:\\Program Files\\AMD\\ROCm\\6.2\\amdgcn\\bitcode\\oclc_abi_version_500.bc" -target-cpu gfx1101 -gno-column-info -gcodeview -debug-info-kind=standalone -debugger-tuning=gdb "-fdebug-compilation-dir=C:\\Users\\Linus\\source\\repos\\Julia_Set\\Julia_Set" "-object-file-name=C:\\Users\\Linus\\AppData\\Local\\Temp\\Source-gfx1101-138332.o" -v -resource-dir "C:\\Program Files\\AMD\\ROCm\\6.2\\lib\\clang\\19" -internal-isystem "C:\\Program Files\\AMD\\ROCm\\6.2\\lib\\clang\\19\\include\\cuda_wrappers" -idirafter "C:\\Program Files\\AMD\\ROCm\\6.2\\include" -include __clang_hip_runtime_wrapper.h -D __HIP_ARCH_GFX1030__=1 -D __HIP_ARCH_GFX1100__=1 -D __HIP_ARCH_GFX1101__=1 -D __HIP_ARCH_GFX1102__=1 -D __HIP_ARCH_GFX1150__=1 -D __HIP_ARCH_GFX1151__=1 -D _DEBUG -D _MT -D _DLL -D __clang__ -D __HIP__ -D _DEBUG -D _CONSOLE -D _UNICODE -D UNICODE -D __HIP_ARCH_GFX1030__=1 -D __HIP_ARCH_GFX1100__=1 -D __HIP_ARCH_GFX1101__=1 -D __HIP_ARCH_GFX1102__=1 -D __HIP_ARCH_GFX1150__=1 -D __HIP_ARCH_GFX1151__=1 -D _DEBUG -D _MT -D _DLL -D __clang__ -D __HIP__ -D _DEBUG -D _CONSOLE -D _UNICODE -D UNICODE -internal-isystem "C:\\Program Files\\AMD\\ROCm\\6.2\\lib\\clang\\19\\include" -internal-isystem "C:\\Program Files\\AMD\\ROCm\\6.2\\include" -internal-isystem "C:\\Program Files\\Microsoft Visual Studio\\2022\\Community\\VC\\Tools\\MSVC\\14.43.34808\\include" -internal-isystem "C:\\Program Files\\Microsoft Visual Studio\\2022\\Community\\VC\\Tools\\MSVC\\14.43.34808\\atlmfc\\include" -internal-isystem "C:\\Program Files\\Microsoft Visual Studio\\2022\\Community\\VC\\Auxiliary\\VS\\include" -internal-isystem "C:\\Program Files (x86)\\Windows Kits\\10\\Include\\10.0.22621.0\\ucrt" -internal-isystem "C:\\Program Files (x86)\\Windows Kits\\10\\Include\\10.0.22621.0\\um" -internal-isystem "C:\\Program Files (x86)\\Windows Kits\\10\\Include\\10.0.22621.0\\shared" -internal-isystem "C:\\Program Files (x86)\\Windows Kits\\10\\Include\\10.0.22621.0\\winrt" -internal-isystem "C:\\Program Files (x86)\\Windows Kits\\10\\Include\\10.0.22621.0\\cppwinrt" -internal-isystem "Include\\um" -internal-isystem "C:\\Program Files\\AMD\\ROCm\\6.2\\lib\\clang\\19\\include" -internal-isystem "C:\\Program Files\\AMD\\ROCm\\6.2\\include" -internal-isystem "C:\\Program Files\\Microsoft Visual Studio\\2022\\Community\\VC\\Tools\\MSVC\\14.43.34808\\include" -internal-isystem "C:\\Program Files\\Microsoft Visual Studio\\2022\\Community\\VC\\Tools\\MSVC\\14.43.34808\\atlmfc\\include" -internal-isystem "C:\\Program Files\\Microsoft Visual Studio\\2022\\Community\\VC\\Auxiliary\\VS\\include" -internal-isystem "C:\\Program Files (x86)\\Windows Kits\\10\\Include\\10.0.22621.0\\ucrt" -internal-isystem "C:\\Program Files (x86)\\Windows Kits\\10\\Include\\10.0.22621.0\\um" -internal-isystem "C:\\Program Files (x86)\\Windows Kits\\10\\Include\\10.0.22621.0\\shared" -internal-isystem "C:\\Program Files (x86)\\Windows Kits\\10\\Include\\10.0.22621.0\\winrt" -internal-isystem "C:\\Program Files (x86)\\Windows Kits\\10\\Include\\10.0.22621.0\\cppwinrt" -internal-isystem "Include\\um" -O0 -Wall -std=c++14 -fdeprecated-macro -fno-autolink -ferror-limit 19 -stack-protector 1 -fhip-new-launch-api -fno-builtin -fno-rtti -fuse-line-directives -fms-extensions -fms-compatibility -fms-compatibility-version=19.43.34809 -fskip-odr-check-in-gmf -fdelayed-template-parsing -fcxx-exceptions -fexceptions -fno-caret-diagnostics -fdiagnostics-format msvc -fdefault-calling-conv=cdecl --dependent-lib=msvcrtd --dependent-lib=oldnames -cuid=d65b434f50260c3e -fcuda-allow-variadic-functions -faddrsig -D__GCC_HAVE_DWARF2_CFI_ASM=1 -o "C:\\Users\\Linus\\AppData\\Local\\Temp\\Source-gfx1101-138332.o" -x hip Source.hip
  clang -cc1 version 19.0.0git based upon LLVM 19.0.0git default target x86_64-pc-windows-msvc
  ignoring nonexistent directory "Include\um"
  ignoring nonexistent directory "Include\um"
  ignoring nonexistent directory "/usr/local/include"
  ignoring nonexistent directory "/usr/include"
  ignoring duplicate directory "C:\Program Files\AMD\ROCm\6.2\lib\clang\19\include"
  ignoring duplicate directory "C:\Program Files\AMD\ROCm\6.2\include"
  ignoring duplicate directory "C:\Program Files\Microsoft Visual Studio\2022\Community\VC\Tools\MSVC\14.43.34808\include"
  ignoring duplicate directory "C:\Program Files\Microsoft Visual Studio\2022\Community\VC\Tools\MSVC\14.43.34808\atlmfc\include"
  ignoring duplicate directory "C:\Program Files\Microsoft Visual Studio\2022\Community\VC\Auxiliary\VS\include"
  ignoring duplicate directory "C:\Program Files (x86)\Windows Kits\10\Include\10.0.22621.0\ucrt"
  ignoring duplicate directory "C:\Program Files (x86)\Windows Kits\10\Include\10.0.22621.0\um"
  ignoring duplicate directory "C:\Program Files (x86)\Windows Kits\10\Include\10.0.22621.0\shared"
  ignoring duplicate directory "C:\Program Files (x86)\Windows Kits\10\Include\10.0.22621.0\winrt"
  ignoring duplicate directory "C:\Program Files (x86)\Windows Kits\10\Include\10.0.22621.0\cppwinrt"
  ignoring duplicate directory "C:\Program Files\AMD\ROCm\6.2\lib\clang\19\include"
  ignoring duplicate directory "C:\Program Files\AMD\ROCm\6.2\include"
  #include "..." search starts here:
  #include <...> search starts here:
   C:\Program Files\AMD\ROCm\6.2\lib\clang\19\include\cuda_wrappers
   C:\Program Files\AMD\ROCm\6.2\lib\clang\19\include
   C:\Program Files\AMD\ROCm\6.2\include
   C:\Program Files\Microsoft Visual Studio\2022\Community\VC\Tools\MSVC\14.43.34808\include
   C:\Program Files\Microsoft Visual Studio\2022\Community\VC\Tools\MSVC\14.43.34808\atlmfc\include
   C:\Program Files\Microsoft Visual Studio\2022\Community\VC\Auxiliary\VS\include
   C:\Program Files (x86)\Windows Kits\10\Include\10.0.22621.0\ucrt
   C:\Program Files (x86)\Windows Kits\10\Include\10.0.22621.0\um
   C:\Program Files (x86)\Windows Kits\10\Include\10.0.22621.0\shared
   C:\Program Files (x86)\Windows Kits\10\Include\10.0.22621.0\winrt
   C:\Program Files (x86)\Windows Kits\10\Include\10.0.22621.0\cppwinrt
  End of search list.
   "C:\\Program Files\\AMD\\ROCm\\6.2\\bin\\lld" -flavor gnu -m elf64_amdgpu --no-undefined -shared -plugin-opt=-amdgpu-internalize-symbols -plugin-opt=mcpu=gfx1101 -plugin-opt=O0 --lto-CGO0 -plugin-opt=-debugger-tune=gdb -plugin-opt=-amdgpu-spill-cfi-saved-regs --whole-archive -o "C:\\Users\\Linus\\AppData\\Local\\Temp\\Source-gfx1101-e428db.out" "C:\\Users\\Linus\\AppData\\Local\\Temp\\Source-gfx1101-138332.o" --no-whole-archive
   "C:\\Program Files\\AMD\\ROCm\\6.2\\bin\\clang.exe" -cc1 -triple amdgcn-amd-amdhsa -aux-triple x86_64-pc-windows-msvc -Werror=atomic-alignment -emit-obj -mrelax-all -mincremental-linker-compatible -disable-free -clear-ast-before-backend -disable-llvm-verifier -discard-value-names -main-file-name Source.hip -mrelocation-model pic -pic-level 2 -fhalf-no-semantic-interposition -mframe-pointer=all -fno-rounding-math -mconstructor-aliases -aux-target-cpu x86-64 -D_HAS_STATIC_RTTI=0 -fcuda-is-device -mllvm -amdgpu-internalize-symbols -fcuda-allow-variadic-functions -fvisibility=hidden -fapply-global-visibility-to-externs -mlink-builtin-bitcode "C:\\Program Files\\AMD\\ROCm\\6.2\\amdgcn\\bitcode\\hip.bc" -mlink-builtin-bitcode "C:\\Program Files\\AMD\\ROCm\\6.2\\amdgcn\\bitcode\\ocml.bc" -mlink-builtin-bitcode "C:\\Program Files\\AMD\\ROCm\\6.2\\amdgcn\\bitcode\\ockl.bc" -mlink-builtin-bitcode "C:\\Program Files\\AMD\\ROCm\\6.2\\amdgcn\\bitcode\\oclc_daz_opt_off.bc" -mlink-builtin-bitcode "C:\\Program Files\\AMD\\ROCm\\6.2\\amdgcn\\bitcode\\oclc_unsafe_math_off.bc" -mlink-builtin-bitcode "C:\\Program Files\\AMD\\ROCm\\6.2\\amdgcn\\bitcode\\oclc_finite_only_off.bc" -mlink-builtin-bitcode "C:\\Program Files\\AMD\\ROCm\\6.2\\amdgcn\\bitcode\\oclc_correctly_rounded_sqrt_on.bc" -mlink-builtin-bitcode "C:\\Program Files\\AMD\\ROCm\\6.2\\amdgcn\\bitcode\\oclc_wavefrontsize64_off.bc" -mlink-builtin-bitcode "C:\\Program Files\\AMD\\ROCm\\6.2\\amdgcn\\bitcode\\oclc_isa_version_1102.bc" -mlink-builtin-bitcode "C:\\Program Files\\AMD\\ROCm\\6.2\\amdgcn\\bitcode\\oclc_abi_version_500.bc" -target-cpu gfx1102 -gno-column-info -gcodeview -debug-info-kind=standalone -debugger-tuning=gdb "-fdebug-compilation-dir=C:\\Users\\Linus\\source\\repos\\Julia_Set\\Julia_Set" "-object-file-name=C:\\Users\\Linus\\AppData\\Local\\Temp\\Source-gfx1102-5f75a7.o" -v -resource-dir "C:\\Program Files\\AMD\\ROCm\\6.2\\lib\\clang\\19" -internal-isystem "C:\\Program Files\\AMD\\ROCm\\6.2\\lib\\clang\\19\\include\\cuda_wrappers" -idirafter "C:\\Program Files\\AMD\\ROCm\\6.2\\include" -include __clang_hip_runtime_wrapper.h -D __HIP_ARCH_GFX1030__=1 -D __HIP_ARCH_GFX1100__=1 -D __HIP_ARCH_GFX1101__=1 -D __HIP_ARCH_GFX1102__=1 -D __HIP_ARCH_GFX1150__=1 -D __HIP_ARCH_GFX1151__=1 -D _DEBUG -D _MT -D _DLL -D __clang__ -D __HIP__ -D _DEBUG -D _CONSOLE -D _UNICODE -D UNICODE -D __HIP_ARCH_GFX1030__=1 -D __HIP_ARCH_GFX1100__=1 -D __HIP_ARCH_GFX1101__=1 -D __HIP_ARCH_GFX1102__=1 -D __HIP_ARCH_GFX1150__=1 -D __HIP_ARCH_GFX1151__=1 -D _DEBUG -D _MT -D _DLL -D __clang__ -D __HIP__ -D _DEBUG -D _CONSOLE -D _UNICODE -D UNICODE -internal-isystem "C:\\Program Files\\AMD\\ROCm\\6.2\\lib\\clang\\19\\include" -internal-isystem "C:\\Program Files\\AMD\\ROCm\\6.2\\include" -internal-isystem "C:\\Program Files\\Microsoft Visual Studio\\2022\\Community\\VC\\Tools\\MSVC\\14.43.34808\\include" -internal-isystem "C:\\Program Files\\Microsoft Visual Studio\\2022\\Community\\VC\\Tools\\MSVC\\14.43.34808\\atlmfc\\include" -internal-isystem "C:\\Program Files\\Microsoft Visual Studio\\2022\\Community\\VC\\Auxiliary\\VS\\include" -internal-isystem "C:\\Program Files (x86)\\Windows Kits\\10\\Include\\10.0.22621.0\\ucrt" -internal-isystem "C:\\Program Files (x86)\\Windows Kits\\10\\Include\\10.0.22621.0\\um" -internal-isystem "C:\\Program Files (x86)\\Windows Kits\\10\\Include\\10.0.22621.0\\shared" -internal-isystem "C:\\Program Files (x86)\\Windows Kits\\10\\Include\\10.0.22621.0\\winrt" -internal-isystem "C:\\Program Files (x86)\\Windows Kits\\10\\Include\\10.0.22621.0\\cppwinrt" -internal-isystem "Include\\um" -internal-isystem "C:\\Program Files\\AMD\\ROCm\\6.2\\lib\\clang\\19\\include" -internal-isystem "C:\\Program Files\\AMD\\ROCm\\6.2\\include" -internal-isystem "C:\\Program Files\\Microsoft Visual Studio\\2022\\Community\\VC\\Tools\\MSVC\\14.43.34808\\include" -internal-isystem "C:\\Program Files\\Microsoft Visual Studio\\2022\\Community\\VC\\Tools\\MSVC\\14.43.34808\\atlmfc\\include" -internal-isystem "C:\\Program Files\\Microsoft Visual Studio\\2022\\Community\\VC\\Auxiliary\\VS\\include" -internal-isystem "C:\\Program Files (x86)\\Windows Kits\\10\\Include\\10.0.22621.0\\ucrt" -internal-isystem "C:\\Program Files (x86)\\Windows Kits\\10\\Include\\10.0.22621.0\\um" -internal-isystem "C:\\Program Files (x86)\\Windows Kits\\10\\Include\\10.0.22621.0\\shared" -internal-isystem "C:\\Program Files (x86)\\Windows Kits\\10\\Include\\10.0.22621.0\\winrt" -internal-isystem "C:\\Program Files (x86)\\Windows Kits\\10\\Include\\10.0.22621.0\\cppwinrt" -internal-isystem "Include\\um" -O0 -Wall -std=c++14 -fdeprecated-macro -fno-autolink -ferror-limit 19 -stack-protector 1 -fhip-new-launch-api -fno-builtin -fno-rtti -fuse-line-directives -fms-extensions -fms-compatibility -fms-compatibility-version=19.43.34809 -fskip-odr-check-in-gmf -fdelayed-template-parsing -fcxx-exceptions -fexceptions -fno-caret-diagnostics -fdiagnostics-format msvc -fdefault-calling-conv=cdecl --dependent-lib=msvcrtd --dependent-lib=oldnames -cuid=d65b434f50260c3e -fcuda-allow-variadic-functions -faddrsig -D__GCC_HAVE_DWARF2_CFI_ASM=1 -o "C:\\Users\\Linus\\AppData\\Local\\Temp\\Source-gfx1102-5f75a7.o" -x hip Source.hip
  clang -cc1 version 19.0.0git based upon LLVM 19.0.0git default target x86_64-pc-windows-msvc
  ignoring nonexistent directory "Include\um"
  ignoring nonexistent directory "Include\um"
  ignoring nonexistent directory "/usr/local/include"
  ignoring nonexistent directory "/usr/include"
  ignoring duplicate directory "C:\Program Files\AMD\ROCm\6.2\lib\clang\19\include"
  ignoring duplicate directory "C:\Program Files\AMD\ROCm\6.2\include"
  ignoring duplicate directory "C:\Program Files\Microsoft Visual Studio\2022\Community\VC\Tools\MSVC\14.43.34808\include"
  ignoring duplicate directory "C:\Program Files\Microsoft Visual Studio\2022\Community\VC\Tools\MSVC\14.43.34808\atlmfc\include"
  ignoring duplicate directory "C:\Program Files\Microsoft Visual Studio\2022\Community\VC\Auxiliary\VS\include"
  ignoring duplicate directory "C:\Program Files (x86)\Windows Kits\10\Include\10.0.22621.0\ucrt"
  ignoring duplicate directory "C:\Program Files (x86)\Windows Kits\10\Include\10.0.22621.0\um"
  ignoring duplicate directory "C:\Program Files (x86)\Windows Kits\10\Include\10.0.22621.0\shared"
  ignoring duplicate directory "C:\Program Files (x86)\Windows Kits\10\Include\10.0.22621.0\winrt"
  ignoring duplicate directory "C:\Program Files (x86)\Windows Kits\10\Include\10.0.22621.0\cppwinrt"
  ignoring duplicate directory "C:\Program Files\AMD\ROCm\6.2\lib\clang\19\include"
  ignoring duplicate directory "C:\Program Files\AMD\ROCm\6.2\include"
  #include "..." search starts here:
  #include <...> search starts here:
   C:\Program Files\AMD\ROCm\6.2\lib\clang\19\include\cuda_wrappers
   C:\Program Files\AMD\ROCm\6.2\lib\clang\19\include
   C:\Program Files\AMD\ROCm\6.2\include
   C:\Program Files\Microsoft Visual Studio\2022\Community\VC\Tools\MSVC\14.43.34808\include
   C:\Program Files\Microsoft Visual Studio\2022\Community\VC\Tools\MSVC\14.43.34808\atlmfc\include
   C:\Program Files\Microsoft Visual Studio\2022\Community\VC\Auxiliary\VS\include
   C:\Program Files (x86)\Windows Kits\10\Include\10.0.22621.0\ucrt
   C:\Program Files (x86)\Windows Kits\10\Include\10.0.22621.0\um
   C:\Program Files (x86)\Windows Kits\10\Include\10.0.22621.0\shared
   C:\Program Files (x86)\Windows Kits\10\Include\10.0.22621.0\winrt
   C:\Program Files (x86)\Windows Kits\10\Include\10.0.22621.0\cppwinrt
  End of search list.
   "C:\\Program Files\\AMD\\ROCm\\6.2\\bin\\lld" -flavor gnu -m elf64_amdgpu --no-undefined -shared -plugin-opt=-amdgpu-internalize-symbols -plugin-opt=mcpu=gfx1102 -plugin-opt=O0 --lto-CGO0 -plugin-opt=-debugger-tune=gdb -plugin-opt=-amdgpu-spill-cfi-saved-regs --whole-archive -o "C:\\Users\\Linus\\AppData\\Local\\Temp\\Source-gfx1102-836645.out" "C:\\Users\\Linus\\AppData\\Local\\Temp\\Source-gfx1102-5f75a7.o" --no-whole-archive
   "C:\\Program Files\\AMD\\ROCm\\6.2\\bin\\clang.exe" -cc1 -triple amdgcn-amd-amdhsa -aux-triple x86_64-pc-windows-msvc -Werror=atomic-alignment -emit-obj -mrelax-all -mincremental-linker-compatible -disable-free -clear-ast-before-backend -disable-llvm-verifier -discard-value-names -main-file-name Source.hip -mrelocation-model pic -pic-level 2 -fhalf-no-semantic-interposition -mframe-pointer=all -fno-rounding-math -mconstructor-aliases -aux-target-cpu x86-64 -D_HAS_STATIC_RTTI=0 -fcuda-is-device -mllvm -amdgpu-internalize-symbols -fcuda-allow-variadic-functions -fvisibility=hidden -fapply-global-visibility-to-externs -mlink-builtin-bitcode "C:\\Program Files\\AMD\\ROCm\\6.2\\amdgcn\\bitcode\\hip.bc" -mlink-builtin-bitcode "C:\\Program Files\\AMD\\ROCm\\6.2\\amdgcn\\bitcode\\ocml.bc" -mlink-builtin-bitcode "C:\\Program Files\\AMD\\ROCm\\6.2\\amdgcn\\bitcode\\ockl.bc" -mlink-builtin-bitcode "C:\\Program Files\\AMD\\ROCm\\6.2\\amdgcn\\bitcode\\oclc_daz_opt_off.bc" -mlink-builtin-bitcode "C:\\Program Files\\AMD\\ROCm\\6.2\\amdgcn\\bitcode\\oclc_unsafe_math_off.bc" -mlink-builtin-bitcode "C:\\Program Files\\AMD\\ROCm\\6.2\\amdgcn\\bitcode\\oclc_finite_only_off.bc" -mlink-builtin-bitcode "C:\\Program Files\\AMD\\ROCm\\6.2\\amdgcn\\bitcode\\oclc_correctly_rounded_sqrt_on.bc" -mlink-builtin-bitcode "C:\\Program Files\\AMD\\ROCm\\6.2\\amdgcn\\bitcode\\oclc_wavefrontsize64_off.bc" -mlink-builtin-bitcode "C:\\Program Files\\AMD\\ROCm\\6.2\\amdgcn\\bitcode\\oclc_isa_version_1150.bc" -mlink-builtin-bitcode "C:\\Program Files\\AMD\\ROCm\\6.2\\amdgcn\\bitcode\\oclc_abi_version_500.bc" -target-cpu gfx1150 -gno-column-info -gcodeview -debug-info-kind=standalone -debugger-tuning=gdb "-fdebug-compilation-dir=C:\\Users\\Linus\\source\\repos\\Julia_Set\\Julia_Set" "-object-file-name=C:\\Users\\Linus\\AppData\\Local\\Temp\\Source-gfx1150-6b1466.o" -v -resource-dir "C:\\Program Files\\AMD\\ROCm\\6.2\\lib\\clang\\19" -internal-isystem "C:\\Program Files\\AMD\\ROCm\\6.2\\lib\\clang\\19\\include\\cuda_wrappers" -idirafter "C:\\Program Files\\AMD\\ROCm\\6.2\\include" -include __clang_hip_runtime_wrapper.h -D __HIP_ARCH_GFX1030__=1 -D __HIP_ARCH_GFX1100__=1 -D __HIP_ARCH_GFX1101__=1 -D __HIP_ARCH_GFX1102__=1 -D __HIP_ARCH_GFX1150__=1 -D __HIP_ARCH_GFX1151__=1 -D _DEBUG -D _MT -D _DLL -D __clang__ -D __HIP__ -D _DEBUG -D _CONSOLE -D _UNICODE -D UNICODE -D __HIP_ARCH_GFX1030__=1 -D __HIP_ARCH_GFX1100__=1 -D __HIP_ARCH_GFX1101__=1 -D __HIP_ARCH_GFX1102__=1 -D __HIP_ARCH_GFX1150__=1 -D __HIP_ARCH_GFX1151__=1 -D _DEBUG -D _MT -D _DLL -D __clang__ -D __HIP__ -D _DEBUG -D _CONSOLE -D _UNICODE -D UNICODE -internal-isystem "C:\\Program Files\\AMD\\ROCm\\6.2\\lib\\clang\\19\\include" -internal-isystem "C:\\Program Files\\AMD\\ROCm\\6.2\\include" -internal-isystem "C:\\Program Files\\Microsoft Visual Studio\\2022\\Community\\VC\\Tools\\MSVC\\14.43.34808\\include" -internal-isystem "C:\\Program Files\\Microsoft Visual Studio\\2022\\Community\\VC\\Tools\\MSVC\\14.43.34808\\atlmfc\\include" -internal-isystem "C:\\Program Files\\Microsoft Visual Studio\\2022\\Community\\VC\\Auxiliary\\VS\\include" -internal-isystem "C:\\Program Files (x86)\\Windows Kits\\10\\Include\\10.0.22621.0\\ucrt" -internal-isystem "C:\\Program Files (x86)\\Windows Kits\\10\\Include\\10.0.22621.0\\um" -internal-isystem "C:\\Program Files (x86)\\Windows Kits\\10\\Include\\10.0.22621.0\\shared" -internal-isystem "C:\\Program Files (x86)\\Windows Kits\\10\\Include\\10.0.22621.0\\winrt" -internal-isystem "C:\\Program Files (x86)\\Windows Kits\\10\\Include\\10.0.22621.0\\cppwinrt" -internal-isystem "Include\\um" -internal-isystem "C:\\Program Files\\AMD\\ROCm\\6.2\\lib\\clang\\19\\include" -internal-isystem "C:\\Program Files\\AMD\\ROCm\\6.2\\include" -internal-isystem "C:\\Program Files\\Microsoft Visual Studio\\2022\\Community\\VC\\Tools\\MSVC\\14.43.34808\\include" -internal-isystem "C:\\Program Files\\Microsoft Visual Studio\\2022\\Community\\VC\\Tools\\MSVC\\14.43.34808\\atlmfc\\include" -internal-isystem "C:\\Program Files\\Microsoft Visual Studio\\2022\\Community\\VC\\Auxiliary\\VS\\include" -internal-isystem "C:\\Program Files (x86)\\Windows Kits\\10\\Include\\10.0.22621.0\\ucrt" -internal-isystem "C:\\Program Files (x86)\\Windows Kits\\10\\Include\\10.0.22621.0\\um" -internal-isystem "C:\\Program Files (x86)\\Windows Kits\\10\\Include\\10.0.22621.0\\shared" -internal-isystem "C:\\Program Files (x86)\\Windows Kits\\10\\Include\\10.0.22621.0\\winrt" -internal-isystem "C:\\Program Files (x86)\\Windows Kits\\10\\Include\\10.0.22621.0\\cppwinrt" -internal-isystem "Include\\um" -O0 -Wall -std=c++14 -fdeprecated-macro -fno-autolink -ferror-limit 19 -stack-protector 1 -fhip-new-launch-api -fno-builtin -fno-rtti -fuse-line-directives -fms-extensions -fms-compatibility -fms-compatibility-version=19.43.34809 -fskip-odr-check-in-gmf -fdelayed-template-parsing -fcxx-exceptions -fexceptions -fno-caret-diagnostics -fdiagnostics-format msvc -fdefault-calling-conv=cdecl --dependent-lib=msvcrtd --dependent-lib=oldnames -cuid=d65b434f50260c3e -fcuda-allow-variadic-functions -faddrsig -D__GCC_HAVE_DWARF2_CFI_ASM=1 -o "C:\\Users\\Linus\\AppData\\Local\\Temp\\Source-gfx1150-6b1466.o" -x hip Source.hip
  clang -cc1 version 19.0.0git based upon LLVM 19.0.0git default target x86_64-pc-windows-msvc
  ignoring nonexistent directory "Include\um"
  ignoring nonexistent directory "Include\um"
  ignoring nonexistent directory "/usr/local/include"
  ignoring nonexistent directory "/usr/include"
  ignoring duplicate directory "C:\Program Files\AMD\ROCm\6.2\lib\clang\19\include"
  ignoring duplicate directory "C:\Program Files\AMD\ROCm\6.2\include"
  ignoring duplicate directory "C:\Program Files\Microsoft Visual Studio\2022\Community\VC\Tools\MSVC\14.43.34808\include"
  ignoring duplicate directory "C:\Program Files\Microsoft Visual Studio\2022\Community\VC\Tools\MSVC\14.43.34808\atlmfc\include"
  ignoring duplicate directory "C:\Program Files\Microsoft Visual Studio\2022\Community\VC\Auxiliary\VS\include"
  ignoring duplicate directory "C:\Program Files (x86)\Windows Kits\10\Include\10.0.22621.0\ucrt"
  ignoring duplicate directory "C:\Program Files (x86)\Windows Kits\10\Include\10.0.22621.0\um"
  ignoring duplicate directory "C:\Program Files (x86)\Windows Kits\10\Include\10.0.22621.0\shared"
  ignoring duplicate directory "C:\Program Files (x86)\Windows Kits\10\Include\10.0.22621.0\winrt"
  ignoring duplicate directory "C:\Program Files (x86)\Windows Kits\10\Include\10.0.22621.0\cppwinrt"
  ignoring duplicate directory "C:\Program Files\AMD\ROCm\6.2\lib\clang\19\include"
  ignoring duplicate directory "C:\Program Files\AMD\ROCm\6.2\include"
  #include "..." search starts here:
  #include <...> search starts here:
   C:\Program Files\AMD\ROCm\6.2\lib\clang\19\include\cuda_wrappers
   C:\Program Files\AMD\ROCm\6.2\lib\clang\19\include
   C:\Program Files\AMD\ROCm\6.2\include
   C:\Program Files\Microsoft Visual Studio\2022\Community\VC\Tools\MSVC\14.43.34808\include
   C:\Program Files\Microsoft Visual Studio\2022\Community\VC\Tools\MSVC\14.43.34808\atlmfc\include
   C:\Program Files\Microsoft Visual Studio\2022\Community\VC\Auxiliary\VS\include
   C:\Program Files (x86)\Windows Kits\10\Include\10.0.22621.0\ucrt
   C:\Program Files (x86)\Windows Kits\10\Include\10.0.22621.0\um
   C:\Program Files (x86)\Windows Kits\10\Include\10.0.22621.0\shared
   C:\Program Files (x86)\Windows Kits\10\Include\10.0.22621.0\winrt
   C:\Program Files (x86)\Windows Kits\10\Include\10.0.22621.0\cppwinrt
  End of search list.
   "C:\\Program Files\\AMD\\ROCm\\6.2\\bin\\lld" -flavor gnu -m elf64_amdgpu --no-undefined -shared -plugin-opt=-amdgpu-internalize-symbols -plugin-opt=mcpu=gfx1150 -plugin-opt=O0 --lto-CGO0 -plugin-opt=-debugger-tune=gdb -plugin-opt=-amdgpu-spill-cfi-saved-regs --whole-archive -o "C:\\Users\\Linus\\AppData\\Local\\Temp\\Source-gfx1150-3c9c5d.out" "C:\\Users\\Linus\\AppData\\Local\\Temp\\Source-gfx1150-6b1466.o" --no-whole-archive
   "C:\\Program Files\\AMD\\ROCm\\6.2\\bin\\clang.exe" -cc1 -triple amdgcn-amd-amdhsa -aux-triple x86_64-pc-windows-msvc -Werror=atomic-alignment -emit-obj -mrelax-all -mincremental-linker-compatible -disable-free -clear-ast-before-backend -disable-llvm-verifier -discard-value-names -main-file-name Source.hip -mrelocation-model pic -pic-level 2 -fhalf-no-semantic-interposition -mframe-pointer=all -fno-rounding-math -mconstructor-aliases -aux-target-cpu x86-64 -D_HAS_STATIC_RTTI=0 -fcuda-is-device -mllvm -amdgpu-internalize-symbols -fcuda-allow-variadic-functions -fvisibility=hidden -fapply-global-visibility-to-externs -mlink-builtin-bitcode "C:\\Program Files\\AMD\\ROCm\\6.2\\amdgcn\\bitcode\\hip.bc" -mlink-builtin-bitcode "C:\\Program Files\\AMD\\ROCm\\6.2\\amdgcn\\bitcode\\ocml.bc" -mlink-builtin-bitcode "C:\\Program Files\\AMD\\ROCm\\6.2\\amdgcn\\bitcode\\ockl.bc" -mlink-builtin-bitcode "C:\\Program Files\\AMD\\ROCm\\6.2\\amdgcn\\bitcode\\oclc_daz_opt_off.bc" -mlink-builtin-bitcode "C:\\Program Files\\AMD\\ROCm\\6.2\\amdgcn\\bitcode\\oclc_unsafe_math_off.bc" -mlink-builtin-bitcode "C:\\Program Files\\AMD\\ROCm\\6.2\\amdgcn\\bitcode\\oclc_finite_only_off.bc" -mlink-builtin-bitcode "C:\\Program Files\\AMD\\ROCm\\6.2\\amdgcn\\bitcode\\oclc_correctly_rounded_sqrt_on.bc" -mlink-builtin-bitcode "C:\\Program Files\\AMD\\ROCm\\6.2\\amdgcn\\bitcode\\oclc_wavefrontsize64_off.bc" -mlink-builtin-bitcode "C:\\Program Files\\AMD\\ROCm\\6.2\\amdgcn\\bitcode\\oclc_isa_version_1151.bc" -mlink-builtin-bitcode "C:\\Program Files\\AMD\\ROCm\\6.2\\amdgcn\\bitcode\\oclc_abi_version_500.bc" -target-cpu gfx1151 -gno-column-info -gcodeview -debug-info-kind=standalone -debugger-tuning=gdb "-fdebug-compilation-dir=C:\\Users\\Linus\\source\\repos\\Julia_Set\\Julia_Set" "-object-file-name=C:\\Users\\Linus\\AppData\\Local\\Temp\\Source-gfx1151-dc79c9.o" -v -resource-dir "C:\\Program Files\\AMD\\ROCm\\6.2\\lib\\clang\\19" -internal-isystem "C:\\Program Files\\AMD\\ROCm\\6.2\\lib\\clang\\19\\include\\cuda_wrappers" -idirafter "C:\\Program Files\\AMD\\ROCm\\6.2\\include" -include __clang_hip_runtime_wrapper.h -D __HIP_ARCH_GFX1030__=1 -D __HIP_ARCH_GFX1100__=1 -D __HIP_ARCH_GFX1101__=1 -D __HIP_ARCH_GFX1102__=1 -D __HIP_ARCH_GFX1150__=1 -D __HIP_ARCH_GFX1151__=1 -D _DEBUG -D _MT -D _DLL -D __clang__ -D __HIP__ -D _DEBUG -D _CONSOLE -D _UNICODE -D UNICODE -D __HIP_ARCH_GFX1030__=1 -D __HIP_ARCH_GFX1100__=1 -D __HIP_ARCH_GFX1101__=1 -D __HIP_ARCH_GFX1102__=1 -D __HIP_ARCH_GFX1150__=1 -D __HIP_ARCH_GFX1151__=1 -D _DEBUG -D _MT -D _DLL -D __clang__ -D __HIP__ -D _DEBUG -D _CONSOLE -D _UNICODE -D UNICODE -internal-isystem "C:\\Program Files\\AMD\\ROCm\\6.2\\lib\\clang\\19\\include" -internal-isystem "C:\\Program Files\\AMD\\ROCm\\6.2\\include" -internal-isystem "C:\\Program Files\\Microsoft Visual Studio\\2022\\Community\\VC\\Tools\\MSVC\\14.43.34808\\include" -internal-isystem "C:\\Program Files\\Microsoft Visual Studio\\2022\\Community\\VC\\Tools\\MSVC\\14.43.34808\\atlmfc\\include" -internal-isystem "C:\\Program Files\\Microsoft Visual Studio\\2022\\Community\\VC\\Auxiliary\\VS\\include" -internal-isystem "C:\\Program Files (x86)\\Windows Kits\\10\\Include\\10.0.22621.0\\ucrt" -internal-isystem "C:\\Program Files (x86)\\Windows Kits\\10\\Include\\10.0.22621.0\\um" -internal-isystem "C:\\Program Files (x86)\\Windows Kits\\10\\Include\\10.0.22621.0\\shared" -internal-isystem "C:\\Program Files (x86)\\Windows Kits\\10\\Include\\10.0.22621.0\\winrt" -internal-isystem "C:\\Program Files (x86)\\Windows Kits\\10\\Include\\10.0.22621.0\\cppwinrt" -internal-isystem "Include\\um" -internal-isystem "C:\\Program Files\\AMD\\ROCm\\6.2\\lib\\clang\\19\\include" -internal-isystem "C:\\Program Files\\AMD\\ROCm\\6.2\\include" -internal-isystem "C:\\Program Files\\Microsoft Visual Studio\\2022\\Community\\VC\\Tools\\MSVC\\14.43.34808\\include" -internal-isystem "C:\\Program Files\\Microsoft Visual Studio\\2022\\Community\\VC\\Tools\\MSVC\\14.43.34808\\atlmfc\\include" -internal-isystem "C:\\Program Files\\Microsoft Visual Studio\\2022\\Community\\VC\\Auxiliary\\VS\\include" -internal-isystem "C:\\Program Files (x86)\\Windows Kits\\10\\Include\\10.0.22621.0\\ucrt" -internal-isystem "C:\\Program Files (x86)\\Windows Kits\\10\\Include\\10.0.22621.0\\um" -internal-isystem "C:\\Program Files (x86)\\Windows Kits\\10\\Include\\10.0.22621.0\\shared" -internal-isystem "C:\\Program Files (x86)\\Windows Kits\\10\\Include\\10.0.22621.0\\winrt" -internal-isystem "C:\\Program Files (x86)\\Windows Kits\\10\\Include\\10.0.22621.0\\cppwinrt" -internal-isystem "Include\\um" -O0 -Wall -std=c++14 -fdeprecated-macro -fno-autolink -ferror-limit 19 -stack-protector 1 -fhip-new-launch-api -fno-builtin -fno-rtti -fuse-line-directives -fms-extensions -fms-compatibility -fms-compatibility-version=19.43.34809 -fskip-odr-check-in-gmf -fdelayed-template-parsing -fcxx-exceptions -fexceptions -fno-caret-diagnostics -fdiagnostics-format msvc -fdefault-calling-conv=cdecl --dependent-lib=msvcrtd --dependent-lib=oldnames -cuid=d65b434f50260c3e -fcuda-allow-variadic-functions -faddrsig -D__GCC_HAVE_DWARF2_CFI_ASM=1 -o "C:\\Users\\Linus\\AppData\\Local\\Temp\\Source-gfx1151-dc79c9.o" -x hip Source.hip
  clang -cc1 version 19.0.0git based upon LLVM 19.0.0git default target x86_64-pc-windows-msvc
  ignoring nonexistent directory "Include\um"
  ignoring nonexistent directory "Include\um"
  ignoring nonexistent directory "/usr/local/include"
  ignoring nonexistent directory "/usr/include"
  ignoring duplicate directory "C:\Program Files\AMD\ROCm\6.2\lib\clang\19\include"
  ignoring duplicate directory "C:\Program Files\AMD\ROCm\6.2\include"
  ignoring duplicate directory "C:\Program Files\Microsoft Visual Studio\2022\Community\VC\Tools\MSVC\14.43.34808\include"
  ignoring duplicate directory "C:\Program Files\Microsoft Visual Studio\2022\Community\VC\Tools\MSVC\14.43.34808\atlmfc\include"
  ignoring duplicate directory "C:\Program Files\Microsoft Visual Studio\2022\Community\VC\Auxiliary\VS\include"
  ignoring duplicate directory "C:\Program Files (x86)\Windows Kits\10\Include\10.0.22621.0\ucrt"
  ignoring duplicate directory "C:\Program Files (x86)\Windows Kits\10\Include\10.0.22621.0\um"
  ignoring duplicate directory "C:\Program Files (x86)\Windows Kits\10\Include\10.0.22621.0\shared"
  ignoring duplicate directory "C:\Program Files (x86)\Windows Kits\10\Include\10.0.22621.0\winrt"
  ignoring duplicate directory "C:\Program Files (x86)\Windows Kits\10\Include\10.0.22621.0\cppwinrt"
  ignoring duplicate directory "C:\Program Files\AMD\ROCm\6.2\lib\clang\19\include"
  ignoring duplicate directory "C:\Program Files\AMD\ROCm\6.2\include"
  #include "..." search starts here:
  #include <...> search starts here:
   C:\Program Files\AMD\ROCm\6.2\lib\clang\19\include\cuda_wrappers
   C:\Program Files\AMD\ROCm\6.2\lib\clang\19\include
   C:\Program Files\AMD\ROCm\6.2\include
   C:\Program Files\Microsoft Visual Studio\2022\Community\VC\Tools\MSVC\14.43.34808\include
   C:\Program Files\Microsoft Visual Studio\2022\Community\VC\Tools\MSVC\14.43.34808\atlmfc\include
   C:\Program Files\Microsoft Visual Studio\2022\Community\VC\Auxiliary\VS\include
   C:\Program Files (x86)\Windows Kits\10\Include\10.0.22621.0\ucrt
   C:\Program Files (x86)\Windows Kits\10\Include\10.0.22621.0\um
   C:\Program Files (x86)\Windows Kits\10\Include\10.0.22621.0\shared
   C:\Program Files (x86)\Windows Kits\10\Include\10.0.22621.0\winrt
   C:\Program Files (x86)\Windows Kits\10\Include\10.0.22621.0\cppwinrt
  End of search list.
   "C:\\Program Files\\AMD\\ROCm\\6.2\\bin\\lld" -flavor gnu -m elf64_amdgpu --no-undefined -shared -plugin-opt=-amdgpu-internalize-symbols -plugin-opt=mcpu=gfx1151 -plugin-opt=O0 --lto-CGO0 -plugin-opt=-debugger-tune=gdb -plugin-opt=-amdgpu-spill-cfi-saved-regs --whole-archive -o "C:\\Users\\Linus\\AppData\\Local\\Temp\\Source-gfx1151-9bd382.out" "C:\\Users\\Linus\\AppData\\Local\\Temp\\Source-gfx1151-dc79c9.o" --no-whole-archive
   "C:\\Program Files\\AMD\\ROCm\\6.2\\bin\\clang-offload-bundler" -type=o -bundle-align=4096 -targets=host-x86_64-unknown-linux,hipv4-amdgcn-amd-amdhsa--gfx1030,hipv4-amdgcn-amd-amdhsa--gfx1100,hipv4-amdgcn-amd-amdhsa--gfx1101,hipv4-amdgcn-amd-amdhsa--gfx1102,hipv4-amdgcn-amd-amdhsa--gfx1150,hipv4-amdgcn-amd-amdhsa--gfx1151 -input=nul "-input=C:\\Users\\Linus\\AppData\\Local\\Temp\\Source-gfx1030-af213d.out" "-input=C:\\Users\\Linus\\AppData\\Local\\Temp\\Source-gfx1100-d79870.out" "-input=C:\\Users\\Linus\\AppData\\Local\\Temp\\Source-gfx1101-e428db.out" "-input=C:\\Users\\Linus\\AppData\\Local\\Temp\\Source-gfx1102-836645.out" "-input=C:\\Users\\Linus\\AppData\\Local\\Temp\\Source-gfx1150-3c9c5d.out" "-input=C:\\Users\\Linus\\AppData\\Local\\Temp\\Source-gfx1151-9bd382.out" "-output=C:\\Users\\Linus\\AppData\\Local\\Temp\\Source-b1621a.hipfb" -verbose
   "C:\\Program Files\\AMD\\ROCm\\6.2\\bin\\clang.exe" -cc1 -triple x86_64-pc-windows-msvc19.43.34809 -aux-triple amdgcn-amd-amdhsa -emit-obj -mrelax-all -mincremental-linker-compatible -disable-free -clear-ast-before-backend -disable-llvm-verifier -discard-value-names -main-file-name Source.hip -mrelocation-model pic -pic-level 2 -mframe-pointer=none -fmath-errno -fno-rounding-math -mconstructor-aliases -funwind-tables=2 -D_HAS_STATIC_RTTI=0 -target-cpu x86-64 -tune-cpu generic -gno-column-info -gcodeview -debug-info-kind=standalone -debugger-tuning=gdb "-fdebug-compilation-dir=C:\\Users\\Linus\\source\\repos\\Julia_Set\\Julia_Set" "-object-file-name=C:\\Users\\Linus\\source\\repos\\Julia_Set\\Julia_Set\\Debug\\HIP clang 6.2\\Source.hip.obj" -v "-fcoverage-compilation-dir=C:\\Users\\Linus\\source\\repos\\Julia_Set\\Julia_Set" -resource-dir "C:\\Program Files\\AMD\\ROCm\\6.2\\lib\\clang\\19" -internal-isystem "C:\\Program Files\\AMD\\ROCm\\6.2\\lib\\clang\\19\\include\\cuda_wrappers" -idirafter "C:\\Program Files\\AMD\\ROCm\\6.2\\include" -include __clang_hip_runtime_wrapper.h -D __HIP_ARCH_GFX1030__=1 -D __HIP_ARCH_GFX1100__=1 -D __HIP_ARCH_GFX1101__=1 -D __HIP_ARCH_GFX1102__=1 -D __HIP_ARCH_GFX1150__=1 -D __HIP_ARCH_GFX1151__=1 -D _DEBUG -D _MT -D _DLL -D __clang__ -D __HIP__ -D _DEBUG -D _CONSOLE -D _UNICODE -D UNICODE -internal-isystem "C:\\Program Files\\AMD\\ROCm\\6.2\\lib\\clang\\19\\include" -internal-isystem "C:\\Program Files\\AMD\\ROCm\\6.2\\include" -internal-isystem "C:\\Program Files\\Microsoft Visual Studio\\2022\\Community\\VC\\Tools\\MSVC\\14.43.34808\\include" -internal-isystem "C:\\Program Files\\Microsoft Visual Studio\\2022\\Community\\VC\\Tools\\MSVC\\14.43.34808\\atlmfc\\include" -internal-isystem "C:\\Program Files\\Microsoft Visual Studio\\2022\\Community\\VC\\Auxiliary\\VS\\include" -internal-isystem "C:\\Program Files (x86)\\Windows Kits\\10\\Include\\10.0.22621.0\\ucrt" -internal-isystem "C:\\Program Files (x86)\\Windows Kits\\10\\Include\\10.0.22621.0\\um" -internal-isystem "C:\\Program Files (x86)\\Windows Kits\\10\\Include\\10.0.22621.0\\shared" -internal-isystem "C:\\Program Files (x86)\\Windows Kits\\10\\Include\\10.0.22621.0\\winrt" -internal-isystem "C:\\Program Files (x86)\\Windows Kits\\10\\Include\\10.0.22621.0\\cppwinrt" -internal-isystem "Include\\um" -internal-isystem "C:\\Program Files\\AMD\\ROCm\\6.2\\lib\\clang\\19\\include" -internal-isystem "C:\\Program Files\\AMD\\ROCm\\6.2\\include" -internal-isystem "C:\\Program Files\\Microsoft Visual Studio\\2022\\Community\\VC\\Tools\\MSVC\\14.43.34808\\include" -internal-isystem "C:\\Program Files\\Microsoft Visual Studio\\2022\\Community\\VC\\Tools\\MSVC\\14.43.34808\\atlmfc\\include" -internal-isystem "C:\\Program Files\\Microsoft Visual Studio\\2022\\Community\\VC\\Auxiliary\\VS\\include" -internal-isystem "C:\\Program Files (x86)\\Windows Kits\\10\\Include\\10.0.22621.0\\ucrt" -internal-isystem "C:\\Program Files (x86)\\Windows Kits\\10\\Include\\10.0.22621.0\\um" -internal-isystem "C:\\Program Files (x86)\\Windows Kits\\10\\Include\\10.0.22621.0\\shared" -internal-isystem "C:\\Program Files (x86)\\Windows Kits\\10\\Include\\10.0.22621.0\\winrt" -internal-isystem "C:\\Program Files (x86)\\Windows Kits\\10\\Include\\10.0.22621.0\\cppwinrt" -internal-isystem "Include\\um" -O0 -Wall -std=c++14 -fdeprecated-macro -ferror-limit 19 -stack-protector 1 -fhip-new-launch-api -fno-builtin -fno-rtti -fno-use-cxa-atexit -fuse-line-directives -fms-extensions -fms-compatibility -fms-compatibility-version=19.43.34809 -fskip-odr-check-in-gmf -fdelayed-template-parsing -fcxx-exceptions -fexceptions -fno-caret-diagnostics -fdiagnostics-format msvc -fdefault-calling-conv=cdecl --dependent-lib=msvcrtd --dependent-lib=oldnames -fcuda-include-gpubinary "C:\\Users\\Linus\\AppData\\Local\\Temp\\Source-b1621a.hipfb" -cuid=d65b434f50260c3e -fcuda-allow-variadic-functions -faddrsig -o "Debug\\HIP clang 6.2\\Source.hip.obj" -x hip Source.hip
  clang -cc1 version 19.0.0git based upon LLVM 19.0.0git default target x86_64-pc-windows-msvc
  ignoring nonexistent directory "Include\um"
  ignoring nonexistent directory "Include\um"
  ignoring duplicate directory "C:\Program Files\AMD\ROCm\6.2\lib\clang\19\include"
  ignoring duplicate directory "C:\Program Files\AMD\ROCm\6.2\include"
  ignoring duplicate directory "C:\Program Files\Microsoft Visual Studio\2022\Community\VC\Tools\MSVC\14.43.34808\include"
  ignoring duplicate directory "C:\Program Files\Microsoft Visual Studio\2022\Community\VC\Tools\MSVC\14.43.34808\atlmfc\include"
  ignoring duplicate directory "C:\Program Files\Microsoft Visual Studio\2022\Community\VC\Auxiliary\VS\include"
  ignoring duplicate directory "C:\Program Files (x86)\Windows Kits\10\Include\10.0.22621.0\ucrt"
  ignoring duplicate directory "C:\Program Files (x86)\Windows Kits\10\Include\10.0.22621.0\um"
  ignoring duplicate directory "C:\Program Files (x86)\Windows Kits\10\Include\10.0.22621.0\shared"
  ignoring duplicate directory "C:\Program Files (x86)\Windows Kits\10\Include\10.0.22621.0\winrt"
  ignoring duplicate directory "C:\Program Files (x86)\Windows Kits\10\Include\10.0.22621.0\cppwinrt"
  ignoring duplicate directory "C:\Program Files\AMD\ROCm\6.2\include"
  #include "..." search starts here:
  #include <...> search starts here:
   C:\Program Files\AMD\ROCm\6.2\lib\clang\19\include\cuda_wrappers
   C:\Program Files\AMD\ROCm\6.2\lib\clang\19\include
   C:\Program Files\AMD\ROCm\6.2\include
   C:\Program Files\Microsoft Visual Studio\2022\Community\VC\Tools\MSVC\14.43.34808\include
   C:\Program Files\Microsoft Visual Studio\2022\Community\VC\Tools\MSVC\14.43.34808\atlmfc\include
   C:\Program Files\Microsoft Visual Studio\2022\Community\VC\Auxiliary\VS\include
   C:\Program Files (x86)\Windows Kits\10\Include\10.0.22621.0\ucrt
   C:\Program Files (x86)\Windows Kits\10\Include\10.0.22621.0\um
   C:\Program Files (x86)\Windows Kits\10\Include\10.0.22621.0\shared
   C:\Program Files (x86)\Windows Kits\10\Include\10.0.22621.0\winrt
   C:\Program Files (x86)\Windows Kits\10\Include\10.0.22621.0\cppwinrt
  End of search list.
  "C:\Program Files\Microsoft Visual Studio\2022\Community\VC\Tools\MSVC\14.43.34808\bin\HostX64\x64\link.exe"
  Microsoft (R) Incremental Linker Version 14.43.34809.0
  Copyright (C) Microsoft Corporation.  All rights reserved.
  "/OUT:C:\Users\Linus\source\repos\Julia_Set\Debug\HIP clang 6.2\Julia_Set.exe" /INCREMENTAL "/ILK:Debug\HIP clang 6.2\Julia_Set.ilk" "/LIBPATH:C:\Program Files\AMD\ROCm\6.2\lib" msvcrtd.lib amdhip64.lib "-NODEFAULTLIB:libcmt" kernel32.lib user32.lib gdi32.lib winspool.lib comdlg32.lib advapi32.lib shell32.lib ole32.lib oleaut32.lib uuid.lib odbc32.lib odbccp32.lib /MANIFEST "/MANIFESTUAC:level='asInvoker' uiAccess='false'" /manifest:embed /DEBUG:FASTLINK "/PDB:C:\Users\Linus\source\repos\Julia_Set\Debug\HIP clang 6.2\Julia_Set.pdb" /SUBSYSTEM:CONSOLE /TLBID:1 /DYNAMICBASE /NXCOMPAT "/IMPLIB:C:\Users\Linus\source\repos\Julia_Set\Debug\HIP clang 6.2\Julia_Set.lib" /MACHINE:X64 "Debug\HIP clang 6.2\Source.hip.obj" 
  Julia_Set.vcxproj -> C:\Users\Linus\source\repos\Julia_Set\Debug\HIP clang 6.2\Julia_Set.exe
